Processing esp32-s3-devkitc-1 (platform: espressif32@6.5.0; board: esp32-s3-devkitc-1; framework: arduino)
--------------------------------------------------------------------------------
Verbose mode can be enabled via `-v, --verbose` option
CONFIGURATION: https://docs.platformio.org/page/boards/espressif32/esp32-s3-devkitc-1.html
PLATFORM: Espressif 32 (6.5.0) > Espressif ESP32-S3-DevKitC-1-N8 (8 MB QD, No PSRAM)
HARDWARE: ESP32S3 240MHz, 320KB RAM, 8MB Flash
DEBUG: Current (esp-builtin) On-board (esp-builtin) External (cmsis-dap, esp-bridge, esp-prog, iot-bus-jtag, jlink, minimodule, olimex-arm-usb-ocd, olimex-arm-usb-ocd-h, olimex-arm-usb-tiny-h, olimex-jtag-tiny, tumpa)
PACKAGES:
 - framework-arduinoespressif32 @ 3.20014.231204 (2.0.14)
 - tool-esptoolpy @ 1.40501.0 (4.5.1)
 - toolchain-riscv32-esp @ 8.4.0+2021r2-patch5
 - toolchain-xtensa-esp32s3 @ 8.4.0+2021r2-patch5
LDF: Library Dependency Finder -> https://bit.ly/configure-pio-ldf
LDF Modes: Finder ~ chain, Compatibility ~ soft
Found 33 compatible libraries
Scanning dependencies...
Dependency Graph
|-- Preferences @ 2.0.0
|-- USB @ 2.0.0
Building in release mode
Compiling .pio/build/esp32-s3-devkitc-1/src/main.cpp.o
<command-line>: warning: "ARDUINO_USB_MODE" redefined
<command-line>: note: this is the location of the previous definition
src/main.cpp: In function 'void loop()':
src/main.cpp:182:11: error: 'class ESPUSB' has no member named 'isConnected'
   if (USB.isConnected()) { // Important check for stability!
           ^~~~~~~~~~~
*** [.pio/build/esp32-s3-devkitc-1/src/main.cpp.o] Error 1
========================== [FAILED] Took 3.76 seconds ==========================
