Processing esp32-s3-devkitc-1 (platform: espressif32@6.5.0; board: esp32-s3-devkitc-1; framework: arduino)
--------------------------------------------------------------------------------
Verbose mode can be enabled via `-v, --verbose` option
CONFIGURATION: https://docs.platformio.org/page/boards/espressif32/esp32-s3-devkitc-1.html
PLATFORM: Espressif 32 (6.5.0) > Espressif ESP32-S3-DevKitC-1-N8 (8 MB QD, No PSRAM)
HARDWARE: ESP32S3 240MHz, 320KB RAM, 8MB Flash
DEBUG: Current (esp-builtin) On-board (esp-builtin) External (cmsis-dap, esp-bridge, esp-prog, iot-bus-jtag, jlink, minimodule, olimex-arm-usb-ocd, olimex-arm-usb-ocd-h, olimex-arm-usb-tiny-h, olimex-jtag-tiny, tumpa)
PACKAGES:
 - framework-arduinoespressif32 @ 3.20014.231204 (2.0.14)
 - tool-esptoolpy @ 1.40501.0 (4.5.1)
 - toolchain-riscv32-esp @ 8.4.0+2021r2-patch5
 - toolchain-xtensa-esp32s3 @ 8.4.0+2021r2-patch5
LDF: Library Dependency Finder -> https://bit.ly/configure-pio-ldf
LDF Modes: Finder ~ chain, Compatibility ~ soft
Found 33 compatible libraries
Scanning dependencies...
Dependency Graph
|-- Preferences @ 2.0.0
|-- USB @ 2.0.0
Building in release mode
Compiling .pio/build/esp32-s3-devkitc-1/src/main.cpp.o
<command-line>: warning: "ARDUINO_USB_MODE" redefined
<command-line>: note: this is the location of the previous definition
Compiling .pio/build/esp32-s3-devkitc-1/lib094/USB/USBHIDKeyboard.cpp.o
Compiling .pio/build/esp32-s3-devkitc-1/lib094/USB/USBHIDMouse.cpp.o
<command-line>: warning: "ARDUINO_USB_MODE" redefined
<command-line>: note: this is the location of the previous definition
Compiling .pio/build/esp32-s3-devkitc-1/lib094/USB/USBHIDSystemControl.cpp.o
<command-line>: warning: "ARDUINO_USB_MODE" redefined
<command-line>: note: this is the location of the previous definition
<command-line>: warning: "ARDUINO_USB_MODE" redefined
<command-line>: note: this is the location of the previous definition
Compiling .pio/build/esp32-s3-devkitc-1/lib094/USB/USBHIDVendor.cpp.o
Compiling .pio/build/esp32-s3-devkitc-1/lib094/USB/USBVendor.cpp.o
<command-line>: warning: "ARDUINO_USB_MODE" redefined
<command-line>: note: this is the location of the previous definition
<command-line>: warning: "ARDUINO_USB_MODE" redefined
<command-line>: note: this is the location of the previous definition
Compiling .pio/build/esp32-s3-devkitc-1/FrameworkArduino/FirmwareMSC.cpp.o
Compiling .pio/build/esp32-s3-devkitc-1/FrameworkArduino/FunctionalInterrupt.cpp.o
<command-line>: warning: "ARDUINO_USB_MODE" redefined
<command-line>: note: this is the location of the previous definition
<command-line>: warning: "ARDUINO_USB_MODE" redefined
<command-line>: note: this is the location of the previous definition
Compiling .pio/build/esp32-s3-devkitc-1/FrameworkArduino/HWCDC.cpp.o
<command-line>: warning: "ARDUINO_USB_MODE" redefined
<command-line>: note: this is the location of the previous definition
Archiving .pio/build/esp32-s3-devkitc-1/lib094/libUSB.a
Indexing .pio/build/esp32-s3-devkitc-1/lib094/libUSB.a
Compiling .pio/build/esp32-s3-devkitc-1/FrameworkArduino/HardwareSerial.cpp.o
<command-line>: warning: "ARDUINO_USB_MODE" redefined
<command-line>: note: this is the location of the previous definition
Compiling .pio/build/esp32-s3-devkitc-1/FrameworkArduino/IPAddress.cpp.o
<command-line>: warning: "ARDUINO_USB_MODE" redefined
<command-line>: note: this is the location of the previous definition
Compiling .pio/build/esp32-s3-devkitc-1/FrameworkArduino/IPv6Address.cpp.o
<command-line>: warning: "ARDUINO_USB_MODE" redefined
<command-line>: note: this is the location of the previous definition
Compiling .pio/build/esp32-s3-devkitc-1/FrameworkArduino/MD5Builder.cpp.o
<command-line>: warning: "ARDUINO_USB_MODE" redefined
<command-line>: note: this is the location of the previous definition
Compiling .pio/build/esp32-s3-devkitc-1/FrameworkArduino/Print.cpp.o
<command-line>: warning: "ARDUINO_USB_MODE" redefined
<command-line>: note: this is the location of the previous definition
Compiling .pio/build/esp32-s3-devkitc-1/FrameworkArduino/Stream.cpp.o
<command-line>: warning: "ARDUINO_USB_MODE" redefined
<command-line>: note: this is the location of the previous definition
Compiling .pio/build/esp32-s3-devkitc-1/FrameworkArduino/StreamString.cpp.o
<command-line>: warning: "ARDUINO_USB_MODE" redefined
<command-line>: note: this is the location of the previous definition
Compiling .pio/build/esp32-s3-devkitc-1/FrameworkArduino/Tone.cpp.o
<command-line>: warning: "ARDUINO_USB_MODE" redefined
<command-line>: note: this is the location of the previous definition
Compiling .pio/build/esp32-s3-devkitc-1/FrameworkArduino/USB.cpp.o
<command-line>: warning: "ARDUINO_USB_MODE" redefined
<command-line>: note: this is the location of the previous definition
Compiling .pio/build/esp32-s3-devkitc-1/FrameworkArduino/USBCDC.cpp.o
Compiling .pio/build/esp32-s3-devkitc-1/FrameworkArduino/USBMSC.cpp.o
<command-line>: warning: "ARDUINO_USB_MODE" redefined
<command-line>: note: this is the location of the previous definition
<command-line>: warning: "ARDUINO_USB_MODE" redefined
<command-line>: note: this is the location of the previous definition
Compiling .pio/build/esp32-s3-devkitc-1/FrameworkArduino/WMath.cpp.o
<command-line>: warning: "ARDUINO_USB_MODE" redefined
<command-line>: note: this is the location of the previous definition
Compiling .pio/build/esp32-s3-devkitc-1/FrameworkArduino/WString.cpp.o
<command-line>: warning: "ARDUINO_USB_MODE" redefined
<command-line>: note: this is the location of the previous definition
Compiling .pio/build/esp32-s3-devkitc-1/FrameworkArduino/base64.cpp.o
<command-line>: warning: "ARDUINO_USB_MODE" redefined
<command-line>: note: this is the location of the previous definition
Compiling .pio/build/esp32-s3-devkitc-1/FrameworkArduino/cbuf.cpp.o
<command-line>: warning: "ARDUINO_USB_MODE" redefined
<command-line>: note: this is the location of the previous definition
Compiling .pio/build/esp32-s3-devkitc-1/FrameworkArduino/esp32-hal-adc.c.o
<command-line>: warning: "ARDUINO_USB_MODE" redefined
<command-line>: note: this is the location of the previous definition
Compiling .pio/build/esp32-s3-devkitc-1/FrameworkArduino/esp32-hal-bt.c.o
<command-line>: warning: "ARDUINO_USB_MODE" redefined
<command-line>: note: this is the location of the previous definition
Compiling .pio/build/esp32-s3-devkitc-1/FrameworkArduino/esp32-hal-cpu.c.o
<command-line>: warning: "ARDUINO_USB_MODE" redefined
<command-line>: note: this is the location of the previous definition
Compiling .pio/build/esp32-s3-devkitc-1/FrameworkArduino/esp32-hal-dac.c.o
<command-line>: warning: "ARDUINO_USB_MODE" redefined
<command-line>: note: this is the location of the previous definition
Compiling .pio/build/esp32-s3-devkitc-1/FrameworkArduino/esp32-hal-gpio.c.o
<command-line>: warning: "ARDUINO_USB_MODE" redefined
<command-line>: note: this is the location of the previous definition
Compiling .pio/build/esp32-s3-devkitc-1/FrameworkArduino/esp32-hal-i2c-slave.c.o
Compiling .pio/build/esp32-s3-devkitc-1/FrameworkArduino/esp32-hal-i2c.c.o
<command-line>: warning: "ARDUINO_USB_MODE" redefined
<command-line>: note: this is the location of the previous definition
<command-line>: warning: "ARDUINO_USB_MODE" redefined
<command-line>: note: this is the location of the previous definition
Compiling .pio/build/esp32-s3-devkitc-1/FrameworkArduino/esp32-hal-ledc.c.o
<command-line>: warning: "ARDUINO_USB_MODE" redefined
<command-line>: note: this is the location of the previous definition
Compiling .pio/build/esp32-s3-devkitc-1/FrameworkArduino/esp32-hal-matrix.c.o
<command-line>: warning: "ARDUINO_USB_MODE" redefined
<command-line>: note: this is the location of the previous definition
Compiling .pio/build/esp32-s3-devkitc-1/FrameworkArduino/esp32-hal-misc.c.o
<command-line>: warning: "ARDUINO_USB_MODE" redefined
<command-line>: note: this is the location of the previous definition
Compiling .pio/build/esp32-s3-devkitc-1/FrameworkArduino/esp32-hal-psram.c.o
<command-line>: warning: "ARDUINO_USB_MODE" redefined
<command-line>: note: this is the location of the previous definition
Compiling .pio/build/esp32-s3-devkitc-1/FrameworkArduino/esp32-hal-rgb-led.c.o
<command-line>: warning: "ARDUINO_USB_MODE" redefined
<command-line>: note: this is the location of the previous definition
Compiling .pio/build/esp32-s3-devkitc-1/FrameworkArduino/esp32-hal-rmt.c.o
<command-line>: warning: "ARDUINO_USB_MODE" redefined
<command-line>: note: this is the location of the previous definition
Compiling .pio/build/esp32-s3-devkitc-1/FrameworkArduino/esp32-hal-sigmadelta.c.o
<command-line>: warning: "ARDUINO_USB_MODE" redefined
<command-line>: note: this is the location of the previous definition
Compiling .pio/build/esp32-s3-devkitc-1/FrameworkArduino/esp32-hal-spi.c.o
<command-line>: warning: "ARDUINO_USB_MODE" redefined
<command-line>: note: this is the location of the previous definition
Compiling .pio/build/esp32-s3-devkitc-1/FrameworkArduino/esp32-hal-time.c.o
<command-line>: warning: "ARDUINO_USB_MODE" redefined
<command-line>: note: this is the location of the previous definition
Compiling .pio/build/esp32-s3-devkitc-1/FrameworkArduino/esp32-hal-timer.c.o
<command-line>: warning: "ARDUINO_USB_MODE" redefined
<command-line>: note: this is the location of the previous definition
Compiling .pio/build/esp32-s3-devkitc-1/FrameworkArduino/esp32-hal-tinyusb.c.o
<command-line>: warning: "ARDUINO_USB_MODE" redefined
<command-line>: note: this is the location of the previous definition
Compiling .pio/build/esp32-s3-devkitc-1/FrameworkArduino/esp32-hal-touch.c.o
<command-line>: warning: "ARDUINO_USB_MODE" redefined
<command-line>: note: this is the location of the previous definition
Compiling .pio/build/esp32-s3-devkitc-1/FrameworkArduino/esp32-hal-uart.c.o
<command-line>: warning: "ARDUINO_USB_MODE" redefined
<command-line>: note: this is the location of the previous definition
Compiling .pio/build/esp32-s3-devkitc-1/FrameworkArduino/firmware_msc_fat.c.o
<command-line>: warning: "ARDUINO_USB_MODE" redefined
<command-line>: note: this is the location of the previous definition
/home/jules/.platformio/packages/framework-arduinoespressif32@3.20014.231204/cores/esp32/esp32-hal-uart.c: In function 'uartSetPins':
/home/jules/.platformio/packages/framework-arduinoespressif32@3.20014.231204/cores/esp32/esp32-hal-uart.c:153:9: warning: 'return' with no value, in function returning non-void
         return;
         ^~~~~~
/home/jules/.platformio/packages/framework-arduinoespressif32@3.20014.231204/cores/esp32/esp32-hal-uart.c:149:6: note: declared here
 bool uartSetPins(uint8_t uart_num, int8_t rxPin, int8_t txPin, int8_t ctsPin, int8_t rtsPin)
      ^~~~~~~~~~~
Compiling .pio/build/esp32-s3-devkitc-1/FrameworkArduino/libb64/cdecode.c.o
<command-line>: warning: "ARDUINO_USB_MODE" redefined
<command-line>: note: this is the location of the previous definition
Compiling .pio/build/esp32-s3-devkitc-1/FrameworkArduino/libb64/cencode.c.o
Compiling .pio/build/esp32-s3-devkitc-1/FrameworkArduino/main.cpp.o
<command-line>: warning: "ARDUINO_USB_MODE" redefined
<command-line>: note: this is the location of the previous definition
Compiling .pio/build/esp32-s3-devkitc-1/FrameworkArduino/stdlib_noniso.c.o
<command-line>: warning: "ARDUINO_USB_MODE" redefined
<command-line>: note: this is the location of the previous definition
<command-line>: warning: "ARDUINO_USB_MODE" redefined
<command-line>: note: this is the location of the previous definition
Compiling .pio/build/esp32-s3-devkitc-1/FrameworkArduino/wiring_pulse.c.o
<command-line>: warning: "ARDUINO_USB_MODE" redefined
<command-line>: note: this is the location of the previous definition
Compiling .pio/build/esp32-s3-devkitc-1/FrameworkArduino/wiring_shift.c.o
<command-line>: warning: "ARDUINO_USB_MODE" redefined
<command-line>: note: this is the location of the previous definition
Archiving .pio/build/esp32-s3-devkitc-1/libFrameworkArduino.a
Indexing .pio/build/esp32-s3-devkitc-1/libFrameworkArduino.a
Linking .pio/build/esp32-s3-devkitc-1/firmware.elf
Retrieving maximum program size .pio/build/esp32-s3-devkitc-1/firmware.elf
Checking size .pio/build/esp32-s3-devkitc-1/firmware.elf
Advanced Memory Usage is available via "PlatformIO Home > Project Inspect"
RAM:   [=         ]   9.6% (used 31444 bytes from 327680 bytes)
Flash: [=         ]  10.2% (used 341169 bytes from 3342336 bytes)
Building .pio/build/esp32-s3-devkitc-1/firmware.bin
esptool.py v4.5.1
Creating esp32s3 image...
Merged 2 ELF sections
Successfully created esp32s3 image.
========================= [SUCCESS] Took 9.57 seconds =========================
