Processing esp32-s3-devkitc-1 (platform: espressif32@6.5.0; board: esp32-s3-devkitc-1; framework: arduino)
--------------------------------------------------------------------------------
Verbose mode can be enabled via `-v, --verbose` option
CONFIGURATION: https://docs.platformio.org/page/boards/espressif32/esp32-s3-devkitc-1.html
PLATFORM: Espressif 32 (6.5.0) > Espressif ESP32-S3-DevKitC-1-N8 (8 MB QD, No PSRAM)
HARDWARE: ESP32S3 240MHz, 320KB RAM, 8MB Flash
DEBUG: Current (esp-builtin) On-board (esp-builtin) External (cmsis-dap, esp-bridge, esp-prog, iot-bus-jtag, jlink, minimodule, olimex-arm-usb-ocd, olimex-arm-usb-ocd-h, olimex-arm-usb-tiny-h, olimex-jtag-tiny, tumpa)
PACKAGES:
 - framework-arduinoespressif32 @ 3.20014.231204 (2.0.14)
 - tool-esptoolpy @ 1.40501.0 (4.5.1)
 - toolchain-riscv32-esp @ 8.4.0+2021r2-patch5
 - toolchain-xtensa-esp32s3 @ 8.4.0+2021r2-patch5
LDF: Library Dependency Finder -> https://bit.ly/configure-pio-ldf
LDF Modes: Finder ~ chain, Compatibility ~ soft
Found 33 compatible libraries
Scanning dependencies...
Dependency Graph
|-- Preferences @ 2.0.0
|-- USB @ 2.0.0
Building in release mode
Compiling .pio/build/esp32-s3-devkitc-1/src/main.cpp.o
<command-line>: warning: "ARDUINO_USB_MODE" redefined
<command-line>: note: this is the location of the previous definition
Archiving .pio/build/esp32-s3-devkitc-1/lib96f/libPreferences.a
Indexing .pio/build/esp32-s3-devkitc-1/lib96f/libPreferences.a
Compiling .pio/build/esp32-s3-devkitc-1/lib094/USB/USBHID.cpp.o
Compiling .pio/build/esp32-s3-devkitc-1/lib094/USB/USBHIDConsumerControl.cpp.o
<command-line>: warning: "ARDUINO_USB_MODE" redefined
<command-line>: note: this is the location of the previous definition
Compiling .pio/build/esp32-s3-devkitc-1/lib094/USB/USBHIDGamepad.cpp.o
<command-line>: warning: "ARDUINO_USB_MODE" redefined
<command-line>: note: this is the location of the previous definition
<command-line>: warning: "ARDUINO_USB_MODE" redefined
<command-line>: note: this is the location of the previous definition
src/main.cpp: In constructor 'CustomGamepad::CustomGamepad()':
src/main.cpp:49:7: error: 'HID' was not declared in this scope
       HID.addDevice(this, sizeof(desc_hid_report));
       ^~~
src/main.cpp:49:7: note: suggested alternative: 'HIGH'
       HID.addDevice(this, sizeof(desc_hid_report));
       ^~~
       HIGH
src/main.cpp: In member function 'void CustomGamepad::begin()':
src/main.cpp:54:5: error: 'HID' was not declared in this scope
     HID.begin();
     ^~~
src/main.cpp:54:5: note: suggested alternative: 'HIGH'
     HID.begin();
     ^~~
     HIGH
src/main.cpp: In member function 'bool CustomGamepad::sendReport(HidReport*)':
src/main.cpp:67:12: error: 'HID' was not declared in this scope
     return HID.SendReport(0, report, sizeof(HidReport));
            ^~~
src/main.cpp:67:12: note: suggested alternative: 'HIGH'
     return HID.SendReport(0, report, sizeof(HidReport));
            ^~~
            HIGH
*** [.pio/build/esp32-s3-devkitc-1/src/main.cpp.o] Error 1
========================== [FAILED] Took 2.03 seconds ==========================
